// Vitest Snapshot v1, https://vitest.dev/guide/snapshot.html

exports[`ProgressiveImage > render component 1`] = `
<div
  class="v-progressive-image v-progressive-image-loading"
  style="max-width: 700px;"
>
  <div
    style="padding-bottom: 56.25%;"
  >
    <transition-stub
      appear="true"
      css="true"
      mode="out-in"
      name="v-progressive-image-main-fade"
      persisted="false"
    >
      <img
        class="v-progressive-image-main"
        decoding="async"
        height="400"
        loading="lazy"
        src="main-image.jpg"
        style="display: none;"
        width="700"
      />
    </transition-stub>
    <!--v-if-->
    <!--v-if-->
  </div>
</div>
`;
